// Jest Snapshot v1, https://goo.gl/fbAQLP

exports[`the code block displays when an item is not part of the solution 1`] = `
<pre
  style={
    Object {
      "background": "#f8f8ff",
      "color": "#000",
      "display": "block",
      "overflowX": "auto",
      "padding": "0.5em",
    }
  }
>
  <code
    className="language-javascript"
    style={
      Object {
        "whiteSpace": "pre",
      }
    }
  >
    <span
      style={
        Object {
          "display": "block",
        }
      }
    >
      <span
        className="comment linenumber react-syntax-highlighter-line-number"
        style={
          Object {
            "display": "inline-block",
            "minWidth": "2.25em",
            "paddingRight": "1em",
            "textAlign": "right",
            "userSelect": "none",
          }
        }
      >
        1
      </span>
      <span
        style={
          Object {
            "color": "#408080",
            "fontStyle": "italic",
          }
        }
      >
        // items: array of item objects. An item has a value and weight property
      </span>
      <span
        style={Object {}}
      >
        

      </span>
    </span>
    <span
      style={
        Object {
          "display": "block",
        }
      }
    >
      <span
        className="comment linenumber react-syntax-highlighter-line-number"
        style={
          Object {
            "display": "inline-block",
            "minWidth": "2.25em",
            "paddingRight": "1em",
            "textAlign": "right",
            "userSelect": "none",
          }
        }
      >
        2
      </span>
      <span
        style={Object {}}
      >
        
      </span>
      <span
        style={
          Object {
            "color": "#954121",
          }
        }
      >
        let
      </span>
      <span
        style={Object {}}
      >
         solution = []; 

      </span>
    </span>
    <span
      style={
        Object {
          "display": "block",
        }
      }
    >
      <span
        className="comment linenumber react-syntax-highlighter-line-number"
        style={
          Object {
            "display": "inline-block",
            "minWidth": "2.25em",
            "paddingRight": "1em",
            "textAlign": "right",
            "userSelect": "none",
          }
        }
      >
        3
      </span>
      <span
        style={Object {}}
      >
        
      </span>
      <span
        style={
          Object {
            "color": "#954121",
          }
        }
      >
        let
      </span>
      <span
        style={Object {}}
      >
         capacity = knapsack.capacity;

      </span>
    </span>
    <span
      style={
        Object {
          "display": "block",
        }
      }
    >
      <span
        className="comment linenumber react-syntax-highlighter-line-number"
        style={
          Object {
            "display": "inline-block",
            "minWidth": "2.25em",
            "paddingRight": "1em",
            "textAlign": "right",
            "userSelect": "none",
          }
        }
      >
        4
      </span>
      <span
        style={Object {}}
      >
        
      </span>
      <span
        style={
          Object {
            "color": "#954121",
          }
        }
      >
        for
      </span>
      <span
        style={Object {}}
      >
         (
      </span>
      <span
        style={
          Object {
            "color": "#954121",
          }
        }
      >
        let
      </span>
      <span
        style={Object {}}
      >
         i = items.length; i &gt; 
      </span>
      <span
        style={
          Object {
            "color": "#40a070",
          }
        }
      >
        0
      </span>
      <span
        style={Object {}}
      >
        ; i--) {

      </span>
    </span>
    <span
      style={
        Object {
          "display": "block",
        }
      }
    >
      <span
        className="comment linenumber react-syntax-highlighter-line-number"
        style={
          Object {
            "display": "inline-block",
            "minWidth": "2.25em",
            "paddingRight": "1em",
            "textAlign": "right",
            "userSelect": "none",
          }
        }
      >
        5
      </span>
      <span
        style={Object {}}
      >
          
      </span>
      <span
        style={
          Object {
            "color": "#408080",
            "fontStyle": "italic",
          }
        }
      >
        // i: index (2)
      </span>
      <span
        style={Object {}}
      >
        

      </span>
    </span>
    <span
      style={
        Object {
          "display": "block",
        }
      }
    >
      <span
        className="comment linenumber react-syntax-highlighter-line-number"
        style={
          Object {
            "display": "inline-block",
            "minWidth": "2.25em",
            "paddingRight": "1em",
            "textAlign": "right",
            "userSelect": "none",
          }
        }
      >
        6
      </span>
      <span
        style={Object {}}
      >
          
      </span>
      <span
        style={
          Object {
            "color": "#954121",
          }
        }
      >
        if
      </span>
      <span
        style={Object {}}
      >
         (T[i][capacity] != Table[i-
      </span>
      <span
        style={
          Object {
            "color": "#40a070",
          }
        }
      >
        1
      </span>
      <span
        style={Object {}}
      >
        ][capacity]) { 
      </span>
      <span
        style={
          Object {
            "color": "#408080",
            "fontStyle": "italic",
          }
        }
      >
        // T[2][2] != T[1][2]
      </span>
      <span
        style={Object {}}
      >
        

      </span>
    </span>
    <span
      style={
        Object {
          "display": "block",
        }
      }
    >
      <span
        className="comment linenumber react-syntax-highlighter-line-number"
        style={
          Object {
            "display": "inline-block",
            "minWidth": "2.25em",
            "paddingRight": "1em",
            "textAlign": "right",
            "userSelect": "none",
          }
        }
      >
        7
      </span>
      <span
        style={Object {}}
      >
            
      </span>
      <span
        style={
          Object {
            "color": "#408080",
            "fontStyle": "italic",
          }
        }
      >
        //item is part of the solution
      </span>
      <span
        style={Object {}}
      >
        

      </span>
    </span>
    <span
      style={
        Object {
          "display": "block",
        }
      }
    >
      <span
        className="comment linenumber react-syntax-highlighter-line-number"
        style={
          Object {
            "display": "inline-block",
            "minWidth": "2.25em",
            "paddingRight": "1em",
            "textAlign": "right",
            "userSelect": "none",
          }
        }
      >
        8
      </span>
          solution.push(item);

    </span>
    <span
      style={
        Object {
          "display": "block",
        }
      }
    >
      <span
        className="comment linenumber react-syntax-highlighter-line-number"
        style={
          Object {
            "display": "inline-block",
            "minWidth": "2.25em",
            "paddingRight": "1em",
            "textAlign": "right",
            "userSelect": "none",
          }
        }
      >
        9
      </span>
      <span
        style={Object {}}
      >
            capacity = capacity - items[i-
      </span>
      <span
        style={
          Object {
            "color": "#40a070",
          }
        }
      >
        1
      </span>
      <span
        style={Object {}}
      >
        ].weight;  

      </span>
    </span>
    <span
      style={
        Object {
          "display": "block",
        }
      }
    >
      <span
        className="comment linenumber react-syntax-highlighter-line-number"
        style={
          Object {
            "display": "inline-block",
            "minWidth": "2.25em",
            "paddingRight": "1em",
            "textAlign": "right",
            "userSelect": "none",
          }
        }
      >
        10
      </span>
      <span
        style={Object {}}
      >
          }
      </span>
      <span
        style={
          Object {
            "color": "#954121",
          }
        }
      >
        else
      </span>
      <span
        style={Object {}}
      >
         {

      </span>
    </span>
    <span
      style={
        Object {
          "backgroundColor": "#BEF264",
          "display": "block",
        }
      }
    >
      <span
        className="comment linenumber react-syntax-highlighter-line-number"
        style={
          Object {
            "display": "inline-block",
            "minWidth": "2.25em",
            "paddingRight": "1em",
            "textAlign": "right",
            "userSelect": "none",
          }
        }
      >
        11
      </span>
      <span
        style={Object {}}
      >
            
      </span>
      <span
        style={
          Object {
            "color": "#408080",
            "fontStyle": "italic",
          }
        }
      >
        // no - op
      </span>
      <span
        style={Object {}}
      >
        

      </span>
    </span>
    <span
      style={
        Object {
          "display": "block",
        }
      }
    >
      <span
        className="comment linenumber react-syntax-highlighter-line-number"
        style={
          Object {
            "display": "inline-block",
            "minWidth": "2.25em",
            "paddingRight": "1em",
            "textAlign": "right",
            "userSelect": "none",
          }
        }
      >
        12
      </span>
        }

    </span>
    <span
      style={
        Object {
          "display": "block",
        }
      }
    >
      <span
        className="comment linenumber react-syntax-highlighter-line-number"
        style={
          Object {
            "display": "inline-block",
            "minWidth": "2.25em",
            "paddingRight": "1em",
            "textAlign": "right",
            "userSelect": "none",
          }
        }
      >
        13
      </span>
      }

    </span>
  </code>
</pre>
`;

exports[`the code block displays when an item is part of the solution 1`] = `
<pre
  style={
    Object {
      "background": "#f8f8ff",
      "color": "#000",
      "display": "block",
      "overflowX": "auto",
      "padding": "0.5em",
    }
  }
>
  <code
    className="language-javascript"
    style={
      Object {
        "whiteSpace": "pre",
      }
    }
  >
    <span
      style={
        Object {
          "display": "block",
        }
      }
    >
      <span
        className="comment linenumber react-syntax-highlighter-line-number"
        style={
          Object {
            "display": "inline-block",
            "minWidth": "2.25em",
            "paddingRight": "1em",
            "textAlign": "right",
            "userSelect": "none",
          }
        }
      >
        1
      </span>
      <span
        style={
          Object {
            "color": "#408080",
            "fontStyle": "italic",
          }
        }
      >
        // items: array of item objects. An item has a value and weight property
      </span>
      <span
        style={Object {}}
      >
        

      </span>
    </span>
    <span
      style={
        Object {
          "display": "block",
        }
      }
    >
      <span
        className="comment linenumber react-syntax-highlighter-line-number"
        style={
          Object {
            "display": "inline-block",
            "minWidth": "2.25em",
            "paddingRight": "1em",
            "textAlign": "right",
            "userSelect": "none",
          }
        }
      >
        2
      </span>
      <span
        style={Object {}}
      >
        
      </span>
      <span
        style={
          Object {
            "color": "#954121",
          }
        }
      >
        let
      </span>
      <span
        style={Object {}}
      >
         solution = []; 

      </span>
    </span>
    <span
      style={
        Object {
          "display": "block",
        }
      }
    >
      <span
        className="comment linenumber react-syntax-highlighter-line-number"
        style={
          Object {
            "display": "inline-block",
            "minWidth": "2.25em",
            "paddingRight": "1em",
            "textAlign": "right",
            "userSelect": "none",
          }
        }
      >
        3
      </span>
      <span
        style={Object {}}
      >
        
      </span>
      <span
        style={
          Object {
            "color": "#954121",
          }
        }
      >
        let
      </span>
      <span
        style={Object {}}
      >
         capacity = knapsack.capacity;

      </span>
    </span>
    <span
      style={
        Object {
          "display": "block",
        }
      }
    >
      <span
        className="comment linenumber react-syntax-highlighter-line-number"
        style={
          Object {
            "display": "inline-block",
            "minWidth": "2.25em",
            "paddingRight": "1em",
            "textAlign": "right",
            "userSelect": "none",
          }
        }
      >
        4
      </span>
      <span
        style={Object {}}
      >
        
      </span>
      <span
        style={
          Object {
            "color": "#954121",
          }
        }
      >
        for
      </span>
      <span
        style={Object {}}
      >
         (
      </span>
      <span
        style={
          Object {
            "color": "#954121",
          }
        }
      >
        let
      </span>
      <span
        style={Object {}}
      >
         i = items.length; i &gt; 
      </span>
      <span
        style={
          Object {
            "color": "#40a070",
          }
        }
      >
        0
      </span>
      <span
        style={Object {}}
      >
        ; i--) {

      </span>
    </span>
    <span
      style={
        Object {
          "display": "block",
        }
      }
    >
      <span
        className="comment linenumber react-syntax-highlighter-line-number"
        style={
          Object {
            "display": "inline-block",
            "minWidth": "2.25em",
            "paddingRight": "1em",
            "textAlign": "right",
            "userSelect": "none",
          }
        }
      >
        5
      </span>
      <span
        style={Object {}}
      >
          
      </span>
      <span
        style={
          Object {
            "color": "#408080",
            "fontStyle": "italic",
          }
        }
      >
        // i: index (3)
      </span>
      <span
        style={Object {}}
      >
        

      </span>
    </span>
    <span
      style={
        Object {
          "display": "block",
        }
      }
    >
      <span
        className="comment linenumber react-syntax-highlighter-line-number"
        style={
          Object {
            "display": "inline-block",
            "minWidth": "2.25em",
            "paddingRight": "1em",
            "textAlign": "right",
            "userSelect": "none",
          }
        }
      >
        6
      </span>
      <span
        style={Object {}}
      >
          
      </span>
      <span
        style={
          Object {
            "color": "#954121",
          }
        }
      >
        if
      </span>
      <span
        style={Object {}}
      >
         (T[i][capacity] != Table[i-
      </span>
      <span
        style={
          Object {
            "color": "#40a070",
          }
        }
      >
        1
      </span>
      <span
        style={Object {}}
      >
        ][capacity]) { 
      </span>
      <span
        style={
          Object {
            "color": "#408080",
            "fontStyle": "italic",
          }
        }
      >
        // T[3][5] != T[2][5]
      </span>
      <span
        style={Object {}}
      >
        

      </span>
    </span>
    <span
      style={
        Object {
          "backgroundColor": "#BEF264",
          "display": "block",
        }
      }
    >
      <span
        className="comment linenumber react-syntax-highlighter-line-number"
        style={
          Object {
            "display": "inline-block",
            "minWidth": "2.25em",
            "paddingRight": "1em",
            "textAlign": "right",
            "userSelect": "none",
          }
        }
      >
        7
      </span>
      <span
        style={Object {}}
      >
            
      </span>
      <span
        style={
          Object {
            "color": "#408080",
            "fontStyle": "italic",
          }
        }
      >
        //item is part of the solution
      </span>
      <span
        style={Object {}}
      >
        

      </span>
    </span>
    <span
      style={
        Object {
          "backgroundColor": "#BEF264",
          "display": "block",
        }
      }
    >
      <span
        className="comment linenumber react-syntax-highlighter-line-number"
        style={
          Object {
            "display": "inline-block",
            "minWidth": "2.25em",
            "paddingRight": "1em",
            "textAlign": "right",
            "userSelect": "none",
          }
        }
      >
        8
      </span>
          solution.push(item);

    </span>
    <span
      style={
        Object {
          "backgroundColor": "#BEF264",
          "display": "block",
        }
      }
    >
      <span
        className="comment linenumber react-syntax-highlighter-line-number"
        style={
          Object {
            "display": "inline-block",
            "minWidth": "2.25em",
            "paddingRight": "1em",
            "textAlign": "right",
            "userSelect": "none",
          }
        }
      >
        9
      </span>
      <span
        style={Object {}}
      >
            capacity = capacity - items[i-
      </span>
      <span
        style={
          Object {
            "color": "#40a070",
          }
        }
      >
        1
      </span>
      <span
        style={Object {}}
      >
        ].weight;  

      </span>
    </span>
    <span
      style={
        Object {
          "backgroundColor": "#BEF264",
          "display": "block",
        }
      }
    >
      <span
        className="comment linenumber react-syntax-highlighter-line-number"
        style={
          Object {
            "display": "inline-block",
            "minWidth": "2.25em",
            "paddingRight": "1em",
            "textAlign": "right",
            "userSelect": "none",
          }
        }
      >
        10
      </span>
      <span
        style={Object {}}
      >
            
      </span>
      <span
        style={
          Object {
            "color": "#408080",
            "fontStyle": "italic",
          }
        }
      >
        //capacity = 5 - 1 = 4
      </span>
      <span
        style={Object {}}
      >
        

      </span>
    </span>
    <span
      style={
        Object {
          "display": "block",
        }
      }
    >
      <span
        className="comment linenumber react-syntax-highlighter-line-number"
        style={
          Object {
            "display": "inline-block",
            "minWidth": "2.25em",
            "paddingRight": "1em",
            "textAlign": "right",
            "userSelect": "none",
          }
        }
      >
        11
      </span>
      <span
        style={Object {}}
      >
          }
      </span>
      <span
        style={
          Object {
            "color": "#954121",
          }
        }
      >
        else
      </span>
      <span
        style={Object {}}
      >
         {

      </span>
    </span>
    <span
      style={
        Object {
          "display": "block",
        }
      }
    >
      <span
        className="comment linenumber react-syntax-highlighter-line-number"
        style={
          Object {
            "display": "inline-block",
            "minWidth": "2.25em",
            "paddingRight": "1em",
            "textAlign": "right",
            "userSelect": "none",
          }
        }
      >
        12
      </span>
      <span
        style={Object {}}
      >
            
      </span>
      <span
        style={
          Object {
            "color": "#408080",
            "fontStyle": "italic",
          }
        }
      >
        // no - op
      </span>
      <span
        style={Object {}}
      >
        

      </span>
    </span>
    <span
      style={
        Object {
          "display": "block",
        }
      }
    >
      <span
        className="comment linenumber react-syntax-highlighter-line-number"
        style={
          Object {
            "display": "inline-block",
            "minWidth": "2.25em",
            "paddingRight": "1em",
            "textAlign": "right",
            "userSelect": "none",
          }
        }
      >
        13
      </span>
        }

    </span>
    <span
      style={
        Object {
          "display": "block",
        }
      }
    >
      <span
        className="comment linenumber react-syntax-highlighter-line-number"
        style={
          Object {
            "display": "inline-block",
            "minWidth": "2.25em",
            "paddingRight": "1em",
            "textAlign": "right",
            "userSelect": "none",
          }
        }
      >
        14
      </span>
      }

    </span>
  </code>
</pre>
`;
